14:35:55 **** Incremental Build of configuration Debug for project 023_SPI2_MAX6725 ****
make -j8 all 
arm-none-eabi-gcc "../Core/Src/main.c" -mcpu=cortex-m3 -std=gnu11 -g3 -DDEBUG -DUSE_HAL_DRIVER -DSTM32F103xB -c -I../Core/Inc -I"F:/MCU/MODULATING_VALVE/023_SPI2_MAX6725/Drivers/MAX6675" -I../Drivers/STM32F1xx_HAL_Driver/Inc -I../Drivers/STM32F1xx_HAL_Driver/Inc/Legacy -I../Drivers/CMSIS/Device/ST/STM32F1xx/Include -I../Drivers/CMSIS/Include -O0 -ffunction-sections -fdata-sections -Wall -fstack-usage -fcyclomatic-complexity -MMD -MP -MF"Core/Src/main.d" -MT"Core/Src/main.o" --specs=nano.specs -mfloat-abi=soft -mthumb -o "Core/Src/main.o"
arm-none-eabi-gcc -o "023_SPI2_MAX6725.elf" @"objects.list"   -mcpu=cortex-m3 -T"F:\MCU\MODULATING_VALVE\023_SPI2_MAX6725\STM32F103RBTX_FLASH.ld" --specs=nosys.specs -Wl,-Map="023_SPI2_MAX6725.map" -Wl,--gc-sections -static --specs=nano.specs -mfloat-abi=soft -mthumb -Wl,--start-group -lc -lm -Wl,--end-group
Finished building target: 023_SPI2_MAX6725.elf
 
arm-none-eabi-size  023_SPI2_MAX6725.elf 
arm-none-eabi-objdump -h -S 023_SPI2_MAX6725.elf  > "023_SPI2_MAX6725.list"
   text	   data	    bss	    dec	    hex	filename
  14140	    104	   2016	  16260	   3f84	023_SPI2_MAX6725.elf
Finished building: default.size.stdout
 
Finished building: 023_SPI2_MAX6725.list
 

14:35:56 Build Finished. 0 errors, 0 warnings. (took 1s.451ms)

