14:01:34 **** Build of configuration Debug for project 013_I2C2_MCP4725_XTR ****
make -j8 all 
arm-none-eabi-gcc "../Core/Src/main.c" -mcpu=cortex-m3 -std=gnu11 -g3 -DDEBUG -DUSE_HAL_DRIVER -DSTM32F103xB -c -I../Core/Inc -I"F:/MCU/MODULATING_VALVE/013_I2C2_MCP4725_XTR/Drivers/MCP4725" -I../Drivers/STM32F1xx_HAL_Driver/Inc -I../Drivers/STM32F1xx_HAL_Driver/Inc/Legacy -I../Drivers/CMSIS/Device/ST/STM32F1xx/Include -I../Drivers/CMSIS/Include -O0 -ffunction-sections -fdata-sections -Wall -fstack-usage -fcyclomatic-complexity -MMD -MP -MF"Core/Src/main.d" -MT"Core/Src/main.o" --specs=nano.specs -mfloat-abi=soft -mthumb -o "Core/Src/main.o"
arm-none-eabi-gcc -o "013_I2C2_MCP4725_XTR.elf" @"objects.list"   -mcpu=cortex-m3 -T"F:\MCU\MODULATING_VALVE\013_I2C2_MCP4725_XTR\STM32F103RBTX_FLASH.ld" --specs=nosys.specs -Wl,-Map="013_I2C2_MCP4725_XTR.map" -Wl,--gc-sections -static --specs=nano.specs -mfloat-abi=soft -mthumb -u _printf_float -Wl,--start-group -lc -lm -Wl,--end-group
Finished building target: 013_I2C2_MCP4725_XTR.elf
 
arm-none-eabi-size  013_I2C2_MCP4725_XTR.elf 
arm-none-eabi-objdump -h -S 013_I2C2_MCP4725_XTR.elf  > "013_I2C2_MCP4725_XTR.list"
   text	   data	    bss	    dec	    hex	filename
  25204	    468	   2076	  27748	   6c64	013_I2C2_MCP4725_XTR.elf
Finished building: default.size.stdout
 
Finished building: 013_I2C2_MCP4725_XTR.list
 

14:01:38 Build Finished. 0 errors, 0 warnings. (took 3s.313ms)

