14:01:38 **** Build of configuration Debug for project 015_ADC_TO_MCP4725_i2c_MAIN_IMPORTANT ****
make -j8 all 
arm-none-eabi-gcc "../Core/Src/main.c" -mcpu=cortex-m3 -std=gnu11 -g3 -DDEBUG -DUSE_HAL_DRIVER -DSTM32F103xB -c -I../Core/Inc -I"F:/MCU/MODULATING_VALVE/015_ADC_TO_MCP4725_i2c/Drivers/MCP4725" -I../Drivers/STM32F1xx_HAL_Driver/Inc -I../Drivers/STM32F1xx_HAL_Driver/Inc/Legacy -I../Drivers/CMSIS/Device/ST/STM32F1xx/Include -I../Drivers/CMSIS/Include -O0 -ffunction-sections -fdata-sections -Wall -fstack-usage -fcyclomatic-complexity -MMD -MP -MF"Core/Src/main.d" -MT"Core/Src/main.o" --specs=nano.specs -mfloat-abi=soft -mthumb -o "Core/Src/main.o"
arm-none-eabi-gcc -o "015_ADC_TO_MCP4725_i2c_MAIN_IMPORTANT.elf" @"objects.list"   -mcpu=cortex-m3 -T"F:\MCU\MODULATING_VALVE\015_ADC_TO_MCP4725_i2c\STM32F103RBTX_FLASH.ld" --specs=nosys.specs -Wl,-Map="015_ADC_TO_MCP4725_i2c_MAIN_IMPORTANT.map" -Wl,--gc-sections -static --specs=nano.specs -mfloat-abi=soft -mthumb -u _printf_float -Wl,--start-group -lc -lm -Wl,--end-group
Finished building target: 015_ADC_TO_MCP4725_i2c_MAIN_IMPORTANT.elf
 
arm-none-eabi-size  015_ADC_TO_MCP4725_i2c_MAIN_IMPORTANT.elf 
arm-none-eabi-objdump -h -S 015_ADC_TO_MCP4725_i2c_MAIN_IMPORTANT.elf  > "015_ADC_TO_MCP4725_i2c_MAIN_IMPORTANT.list"
   text	   data	    bss	    dec	    hex	filename
  26172	    468	   2052	  28692	   7014	015_ADC_TO_MCP4725_i2c_MAIN_IMPORTANT.elf
Finished building: default.size.stdout
 
Finished building: 015_ADC_TO_MCP4725_i2c_MAIN_IMPORTANT.list
 

14:01:41 Build Finished. 0 errors, 0 warnings. (took 2s.602ms)

