../Core/Src/syscalls.c:42:6:ITM_SendChar	16	static
../Core/Src/syscalls.c:71:6:initialise_monitor_handles	4	static
../Core/Src/syscalls.c:75:5:_getpid	4	static
../Core/Src/syscalls.c:80:5:_kill	16	static
../Core/Src/syscalls.c:88:6:_exit	16	static
../Core/Src/syscalls.c:94:27:_read	32	static
../Core/Src/syscalls.c:107:27:_write	32	static
../Core/Src/syscalls.c:120:5:_close	16	static
../Core/Src/syscalls.c:127:5:_fstat	16	static
../Core/Src/syscalls.c:134:5:_isatty	16	static
../Core/Src/syscalls.c:140:5:_lseek	24	static
../Core/Src/syscalls.c:148:5:_open	12	static
../Core/Src/syscalls.c:156:5:_wait	16	static
../Core/Src/syscalls.c:163:5:_unlink	16	static
../Core/Src/syscalls.c:170:5:_times	16	static
../Core/Src/syscalls.c:176:5:_stat	16	static
../Core/Src/syscalls.c:183:5:_link	16	static
../Core/Src/syscalls.c:191:5:_fork	8	static
../Core/Src/syscalls.c:197:5:_execve	24	static
